== thin-wires
......
..w...
.wTTw.
...w..
......
nets 4, transistors 2
2,1: error E_ADJ_TRANSISTOR: transistor centre touches another transistor centre
== isolated-sources
......
..w...
.wTTw.
...w..
......
nets 4, transistors 2
2,1: error E_ADJ_TRANSISTOR: transistor centre touches another transistor centre
