== thin-wires
.....
..ww.
.w.w.
..w..
.....
nets 3, transistors 0
1,0: warning W_DIAGONAL_TOUCH: pixel touches pixel 0,1 of another net only diagonally; diagonals never connect
0,1: warning W_DIAGONAL_TOUCH: pixel touches pixel 1,2 of another net only diagonally; diagonals never connect
1,1: error E_GAP_AMBIGUOUS: bridge-like gap with 1 on diagonal pixel(s), which would short its arms
2,1: warning W_DIAGONAL_TOUCH: pixel touches pixel 1,2 of another net only diagonally; diagonals never connect
== isolated-sources
.....
..ww.
.w.w.
..w..
.....
nets 3, transistors 0
1,0: warning W_DIAGONAL_TOUCH: pixel touches pixel 0,1 of another net only diagonally; diagonals never connect
0,1: warning W_DIAGONAL_TOUCH: pixel touches pixel 1,2 of another net only diagonally; diagonals never connect
1,1: error E_GAP_AMBIGUOUS: bridge-like gap with 1 on diagonal pixel(s), which would short its arms
2,1: warning W_DIAGONAL_TOUCH: pixel touches pixel 1,2 of another net only diagonally; diagonals never connect
