..............................................
..Hwww.Hw.................w..............HHH..
.wT..wwT.................LTH.............HHHw.
..L....L...................w.............HHH..
...........................w..................
..........................ww..................
..........................w...................
.........................LTH..................
...........................w..................
..............................................
nets 11, transistors 4
