..............................................
.HHH.........HHH.........LLL.w.w.HHH.....HHH..
.HHH.........HHH.........L.LwTwwwHHH.....HHHw.
.HHH.........HHH.........LLL...w.HHH.....HHH..
..w...........w................w..............
.wwwwwwwwww..wwwwwwwww.........w..............
..w.......w...w................w..............
.wT.......wwwwT................w..............
..w...........w................w..............
.LLL.........LLL...............w..............
.L.L.........L.L.............www..............
.LLL.........LLL.............w................
.............................w................
.........................LLL.w.w.HHH..........
.........................L.LwTwwwHHH..........
.........................LLL...w.HHH..........
...............................w..............
...............................w..............
...............................w..............
...............................w..............
...............................w..............
...............................w..............
..............................................
nets 11, transistors 4
