== thin-wires
...........
.HHH.......
.HHH.......
.HHH.......
..w........
.wwwwwwwww.
..w........
.wT........
..w........
.LLL.......
.L.L.......
.LLL.......
...........
nets 3, transistors 1
== isolated-sources
...........
.HHH.......
.HHH.......
.HHH.......
..w........
.wwwwwwwww.
..w........
.wT........
..w........
.LLL.......
.L.L.......
.LLL.......
...........
nets 3, transistors 1
