== thin-wires
.......
.HHHLL.
.HHH.L.
.HHHLL.
.......
nets 1, transistors 0
0,0: warning W_SOURCE_SHORT: net contains both a high and a low source; it is always low
3,1: error E_RING_OVERLAP: low source ring overlaps another ring or a high source
== isolated-sources
.......
.HHHww.
.HHH.w.
.HHHww.
.......
nets 1, transistors 0
