== thin-wires
......
.XX...
.XXTw.
...w..
...w..
......
nets 3, transistors 1
0,0: error E_THICK: thick region 2x2 is not a 3×3 high source; wires must be one pixel wide
2,1: warning W_FLOATING_GATE: gate net has no source, no label and no transistor driving it
== isolated-sources
......
.ww...
.wwww.
...w..
...w..
......
nets 1, transistors 0
